17:00:29 **** Incremental Build of configuration Debug for project 22_WorkingWithSoftwareTimers ****
make -j8 all 
arm-none-eabi-gcc "../Core/Src/main.c" -mcpu=cortex-m4 -std=gnu11 -g3 -DDEBUG -DUSE_HAL_DRIVER -DSTM32F401xE -c -I../Core/Inc -I../Drivers/STM32F4xx_HAL_Driver/Inc -I../Drivers/STM32F4xx_HAL_Driver/Inc/Legacy -I../Drivers/CMSIS/Device/ST/STM32F4xx/Include -I../Drivers/CMSIS/Include -I../Middlewares/Third_Party/FreeRTOS/Source/include -I../Middlewares/Third_Party/FreeRTOS/Source/CMSIS_RTOS_V2 -I../Middlewares/Third_Party/FreeRTOS/Source/portable/GCC/ARM_CM4F -O0 -ffunction-sections -fdata-sections -Wall -fstack-usage -MMD -MP -MF"Core/Src/main.d" -MT"Core/Src/main.o" --specs=nano.specs -mfpu=fpv4-sp-d16 -mfloat-abi=hard -mthumb -o "Core/Src/main.o"
arm-none-eabi-gcc -o "22_WorkingWithSoftwareTimers.elf" @"objects.list"   -mcpu=cortex-m4 -T"G:\STM32\STM32_WORKSPACE\FreeRTOS\22_WorkingWithSoftwareTimers\STM32F401RETX_FLASH.ld" --specs=nosys.specs -Wl,-Map="22_WorkingWithSoftwareTimers.map" -Wl,--gc-sections -static --specs=nano.specs -mfpu=fpv4-sp-d16 -mfloat-abi=hard -mthumb -Wl,--start-group -lc -lm -Wl,--end-group
Finished building target: 22_WorkingWithSoftwareTimers.elf
 
arm-none-eabi-size   22_WorkingWithSoftwareTimers.elf 
arm-none-eabi-objdump -h -S  22_WorkingWithSoftwareTimers.elf  > "22_WorkingWithSoftwareTimers.list"
arm-none-eabi-objcopy  -O binary  22_WorkingWithSoftwareTimers.elf  "22_WorkingWithSoftwareTimers.bin"
   text	   data	    bss	    dec	    hex	filename
  24432	    124	  20524	  45080	   b018	22_WorkingWithSoftwareTimers.elf
Finished building: default.size.stdout
 
Finished building: 22_WorkingWithSoftwareTimers.bin
 
Finished building: 22_WorkingWithSoftwareTimers.list
 
17:00:34 **** Incremental Build of configuration Debug for project 22_WorkingWithSoftwareTimers ****
make -j8 all 
arm-none-eabi-size   22_WorkingWithSoftwareTimers.elf 
   text	   data	    bss	    dec	    hex	filename
  24432	    124	  20524	  45080	   b018	22_WorkingWithSoftwareTimers.elf
Finished building: default.size.stdout
 
